// Jest Snapshot v1, https://goo.gl/fbAQLP

exports[`Appbar Component Testing should match with its snapshot 1`] = `
<ContextConsumer>
  <Component />
</ContextConsumer>
`;
